// Code generated by gobind. DO NOT EDIT.

// Java class slices.S is a proxy for talking to a Go program.
//
//   autogenerated by gobind -lang=java slices
package slices;

import go.Seq;