// Code generated by gobind. DO NOT EDIT.

// Package main is an autogenerated binder stub for package slices.
//
//   autogenerated by gobind -lang=go slices
package main

/*
#include <stdlib.h>
#include <stdint.h>
#include "seq.h"
#include "slices.h"

*/
import "C"

import (
	_seq "golang.org/x/mobile/bind/seq"
	"slices"
)


// suppress the error if seq ends up unused
var _ = _seq.FromRefNum

func proxybasictypes__IntArrays(param_x C.nintslice) C.nintslice {
	_param_x := toSlice(param_x, false)
	res_0 := basictypes.ByteArrays(_param_x)
	_res_0 := fromSlice(res_0, true)
	return _res_0
}
