// Objective-C API for talking to slices Go package.
//   gobind -lang=objc slices
//
// File is generated by gobind. Do not edit.

#ifndef __Slices_H__
#define __Slices_H__

@import Foundation;
#include "ref.h"
#include "Universe.objc.h"