// Objective-C API for talking to slices Go package.
//   gobind -lang=objc slices
//
// File is generated by gobind. Do not edit.

#include <Foundation/Foundation.h>
#include "seq.h"
#include "_cgo_export.h"
#include "Slices.objc.h"

NSArray* _Nullable BasictypesIntArrays(NSArray* _Nullable x) {
	nintslice _x = go_seq_from_objc_intarray(x, 0);
	nintslice r0 = proxybasictypes__IntArrays(_x);
	if (![x isKindOfClass:[NSMutableData class]]) {
	  free(_x.ptr);
	}
	NSArray *_ret0_ = go_seq_to_objc_intarray(r0, 1);
	return _ret0_;
}