// Code generated by gobind. DO NOT EDIT.

// JNI functions for the Go <=> Java bridge.
//
//   autogenerated by gobind -lang=java structs

#include <android/log.h>
#include <stdint.h>
#include "seq.h"
#include "_cgo_export.h"
#include "structs.h"

jclass proxy_class_structs_I;
jmethodID proxy_class_structs_I_cons;
static jmethodID mid_I_M;
jclass proxy_class_structs_S;
jmethodID proxy_class_structs_S_cons;
jclass proxy_class_structs_S2;
jmethodID proxy_class_structs_S2_cons;
jclass proxy_class_structs_Structs;
jmethodID proxy_class_structs_Structs_cons;


JNIEXPORT jintArray JNICALL
Java_basictypes_Basictypes_intArrays(JNIEnv* env, jclass _clazz, jintArray x) {
    nintslice _x = go_seq_from_java_intarray(env, x, 0);
    nintslice r0 = proxybasictypes__IntArrays(_x);
    go_seq_release_int_array(env, x, _x.ptr);
    jintArray _r0 = go_seq_to_java_intarray(env, r0, 1);
    return _r0;
}