// Code generated by gobind. DO NOT EDIT.

// JNI function headers for the Go <=> Java bridge.
//
//   autogenerated by gobind -lang=java slices

#ifndef __Structs_H__
#define __Structs_H__

#include <jni.h>