// Objective-C API for talking to slices Go package.
//   gobind -lang=objc slices
//
// File is generated by gobind. Do not edit.

#ifndef __GO_slices_H__
#define __GO_slices_H__

#include <stdint.h>
#include <objc/objc.h>
void cproxyslices_I_M(int32_t refnum);

#endif
